Microchip MPLAB XC8 Compiler V3.10

Linker command line:

-W-3 \
  --edf=C:\Program Files\Microchip\xc8\v3.10\pic\dat\20250813170317_en.msgs \
  -cn -h+dist/default/production\ECU3.X.production.sym \
  --cmf=dist/default/production\ECU3.X.production.cmf -z -Q18F4580 \
  -oC:\Users\HP\AppData\Local\Temp\xcBsfdk.1\driver_tmp_3.o \
  --defsym=__MPLAB_BUILD=1 --fixupoverflow=error \
  -Mdist/default/production/ECU3.X.production.map \
  --md=C:\Users\HP\AppData\Local\Temp\xcBsfdk.1\driver_tmp_0.dat -E1 \
  -ver=XC8 Compiler -ACODE=00h-07FFFh -ACONST=00h-07FFFh \
  -ASMALLCONST=0600h-06FFhx122 -AMEDIUMCONST=0600h-07FFFh -ACOMRAM=01h-05Fh \
  -AABS1=00h-05FFh -ABIGRAM=01h-05FFh -ARAM=060h-0FFh,0100h-01FFhx5 \
  -ABANK0=060h-0FFh -ABANK1=0100h-01FFh -ABANK2=0200h-02FFh \
  -ABANK3=0300h-03FFh -ABANK4=0400h-04FFh -ABANK5=0500h-05FFh \
  -ASFR=0D00h-0DFFhx2,0F00h-0F5Fh,0F60h-0FFFh -ABIGSFR=0D00h-0FFFh \
  -ACONFIG=0300000h-030000Dh -AIDLOC=0200000h-0200007h \
  -AEEDATA=0F00000h-0F000FFh -peeprom_data=EEDATA \
  -preset_vec=00h,intcode=8h,intcodelo=18h,sivt_lo,sivt_hi=CODE \
  -ppowerup=CODE,init -pramtop=0600h -psmallconst=SMALLCONST \
  -pmediumconst=MEDIUMCONST -pconst=CONST -AFARRAM=00h-00h \
  -prdata=COMRAM,nvrram=COMRAM,nvbit=COMRAM,rbss=COMRAM,rbit=COMRAM \
  -pfarbss=FARRAM,fardata=FARRAM,nvFARRAM=FARRAM \
  -pintsave_regs=BIGRAM,bigbss=BIGRAM,bigdata=BIGRAM -pbss=RAM \
  -pidata=CODE,irdata=CODE,ibigdata=CODE,ifardata=CODE -prparam=COMRAM \
  C:\Users\HP\AppData\Local\Temp\xcBsfdk.1\driver_tmp_9.o \
  dist/default/production\ECU3.X.production.o 

Object code version is 3.11

Machine type is 18F4580



                Name                               Link     Load   Length Selector   Space Scale
C:\Users\HP\AppData\Local\Temp\xcBsfdk.1\driver_tmp_9.o
                idloc                            200000   200000        8        0       5
                config                           300000   300000        E        0       4
                init                                  E        E        4        4       0
                reset_vec                             0        0        4        0       0
dist/default/production\ECU3.X.production.o
                intcode                               8        8        6        4       0
                idloc                            200000   200000        8        0       5
                config                           300000   300000        E        0       4
                smallconst                          600      600       16      300       0
                intcode_body                        91E      91E       44      30B       0
                text14                              962      962       3C      30B       0
                text13                              9D8      9D8       3A      30B       0
                text12                              A12      A12       34      30B       0
                text11                              ADE      ADE        8      30B       0
                text10                              ACA      ACA       14      30B       0
                text9                               AB4      AB4       16      30B       0
                text8                               99E      99E       3A      30B       0
                text7                               7CA      7CA       88      30B       0
                text6                               852      852       6C      30B       0
                text5                               A7E      A7E       1C      30B       0
                text4                               616      616      122      30B       0
                text3                               A62      A62       1C      30B       0
                text2                               A46      A46       1C      30B       0
                text1                               738      738       92      30B       0
                text0                               8BE      8BE       60      30B       0
                cstackCOMRAM                         15       15       12        2       1
                bssCOMRAM                             2        2       13        2       1
                cinit                               A9A      A9A       1A      30B       0

TOTAL           Name                               Link     Load   Length     Space
        CLASS   CODE           
                intcode                               8        8        6         0
                init                                  E        E        4         0
                reset_vec                             0        0        4         0
                intcode_body                        91E      91E       44         0
                text14                              962      962       3C         0
                text13                              9D8      9D8       3A         0
                text12                              A12      A12       34         0
                text11                              ADE      ADE        8         0
                text10                              ACA      ACA       14         0
                text9                               AB4      AB4       16         0
                text8                               99E      99E       3A         0
                text7                               7CA      7CA       88         0
                text6                               852      852       6C         0
                text5                               A7E      A7E       1C         0
                text4                               616      616      122         0
                text3                               A62      A62       1C         0
                text2                               A46      A46       1C         0
                text1                               738      738       92         0
                text0                               8BE      8BE       60         0
                cinit                               A9A      A9A       1A         0

        CLASS   CONST          

        CLASS   SMALLCONST     
                smallconst                          600      600       16         0

        CLASS   MEDIUMCONST    

        CLASS   COMRAM         
                cstackCOMRAM                         15       15       12         1
                bssCOMRAM                             2        2       13         1

        CLASS   ABS1           
                abs_s1                                1        1        1         1

        CLASS   BIGRAM         

        CLASS   RAM            

        CLASS   BANK0          

        CLASS   BANK1          

        CLASS   BANK2          

        CLASS   BANK3          

        CLASS   BANK4          

        CLASS   BANK5          

        CLASS   SFR            

        CLASS   BIGSFR         

        CLASS   CONFIG         
                config                           300000   300000        E         4

        CLASS   IDLOC          
                idloc                            200000   200000        8         5

        CLASS   EEDATA         

        CLASS   FARRAM         

        CLASS   HEAP           

        CLASS   STACK          



SEGMENTS        Name                           Load    Length   Top    Selector   Space  Class

                reset_vec                      000000  000004  000004         0       0  CODE    
                bssCOMRAM                      000002  000025  000027         2       1  COMRAM  
                intcode                        000008  00000A  000012         4       0  CODE    
                smallconst                     000600  000016  000616       300       0  SMALLCON
                text4                          000616  0004D0  000AE6       30B       0  CODE    


UNUSED ADDRESS RANGES

        Name                Unused          Largest block    Delta
        BANK0            000060-0000FF               A0
        BANK1            000100-0001FF              100
        BANK2            000200-0002FF              100
        BANK3            000300-0003FF              100
        BANK4            000400-0004FF              100
        BANK5            000500-0005FF              100
        BIGRAM           000027-0005FF              5D9
        BIGSFR           000D00-000FFF              300
        CODE             000004-000007                4
                         000012-0005FF              5EE
                         000AE6-007FFF             751A
        COMRAM           000027-00005F               39
        CONST            000004-000007                4
                         000012-0005FF              5EE
                         000AE6-007FFF             751A
        EEDATA           F00000-F000FF              100
        MEDIUMCONST      000AE6-007FFF             751A
        RAM              000060-0005FF              100
        SFR              000D00-000FFF              100
        SMALLCONST       000AE6-007FFF              100

                                  Symbol Table

?_get_msg_id_std               cstackCOMRAM 000015
_BRG16                         (abs)        007DC3
_BRGCON1                       (abs)        000F70
_BRGCON2                       (abs)        000F71
_BRGCON3                       (abs)        000F72
_BRGH                          (abs)        007D62
_CANCON                        (abs)        000F6F
_CANSTAT                       (abs)        000F6E
_CREN                          (abs)        007D5C
_ECANCON                       (abs)        000F77
_GIE                           (abs)        007F97
_ISR                           intcode      000008
_PEIE                          (abs)        007F96
_PORTB                         (abs)        000F81
_PORTBbits                     (abs)        000F81
_PORTD                         (abs)        000F83
_PSA                           (abs)        007EAB
_RC0                           (abs)        007C10
_RC1                           (abs)        007C11
_RC2                           (abs)        007C12
_RCIF                          (abs)        007CF5
_RCREG                         (abs)        000FAE
_RD7                           (abs)        007C1F
_RX9                           (abs)        007D5E
_RXB0CON                       (abs)        000F60
_RXB0CONbits                   (abs)        000F60
_RXB0D0                        (abs)        000F66
_RXB0DLC                       (abs)        000F65
_RXB0FUL                       (abs)        007B07
_RXB0IF                        (abs)        007D20
_RXB0SIDH                      (abs)        000F61
_RXB0SIDL                      (abs)        000F62
_RXFCON0                       (abs)        000DD4
_SENDB                         (abs)        007D63
_SPBRG                         (abs)        000FAF
_SPEN                          (abs)        007D5F
_SYNC                          (abs)        007D64
_T08BIT                        (abs)        007EAE
_T0CS                          (abs)        007EAD
_TMR0                          (abs)        000FD6
_TMR0IE                        (abs)        007F95
_TMR0IF                        (abs)        007F92
_TMR0ON                        (abs)        007EAF
_TRISB                         (abs)        000F93
_TRISB2                        (abs)        007C9A
_TRISB3                        (abs)        007C9B
_TRISC                         (abs)        000F94
_TRISC6                        (abs)        007CA6
_TRISC7                        (abs)        007CA7
_TRISD                         (abs)        000F95
_TRISD7                        (abs)        007CAF
_TX9                           (abs)        007D66
_TXB0D0                        (abs)        000F46
_TXB0DLC                       (abs)        000F45
_TXB0EIDH                      (abs)        000F43
_TXB0EIDL                      (abs)        000F44
_TXB0REQ                       (abs)        007A03
_TXB0SIDH                      (abs)        000F41
_TXB0SIDL                      (abs)        000F42
_TXEN                          (abs)        007D65
_TXIF                          (abs)        007CF4
_TXREG                         (abs)        000FAD
__HRAM                         (abs)        000000
__H__absolute__                __absolute__ 000000
__Habs1                        abs1         000000
__Hbank0                       bank0        000000
__Hbank1                       bank1        000000
__Hbank2                       bank2        000000
__Hbank3                       bank3        000000
__Hbank4                       bank4        000000
__Hbank5                       bank5        000000
__Hbigbss                      bigbss       000000
__Hbigdata                     bigdata      000000
__Hbigram                      bigram       000000
__Hbigsfr                      bigsfr       000000
__Hbss                         bss          000000
__HbssCOMRAM                   bssCOMRAM    000000
__Hcinit                       cinit        000000
__Hclrtext                     clrtext      000000
__Hcomram                      comram       000000
__Hconfig                      config       30000E
__Hconst                       const        000000
__HcstackCOMRAM                cstackCOMRAM 000000
__Hdata                        data         000000
__Heeprom_data                 eeprom_data  000000
__Hfarbss                      farbss       000000
__Hfardata                     fardata      000000
__Hheap                        heap         000000
__Hibigdata                    ibigdata     000000
__Hidata                       idata        000000
__Hidloc                       idloc        200008
__Hifardata                    ifardata     000000
__Hinit                        init         000012
__Hintcode                     intcode      00000E
__Hintcode_body                intcode_body 000000
__Hintcodelo                   intcodelo    000018
__Hintentry                    intentry     000000
__Hintret                      intret       000000
__Hintsave_regs                intsave_regs 000000
__Hirdata                      irdata       000000
__Hmediumconst                 mediumconst  000000
__HnvFARRAM                    nvFARRAM     000000
__Hnvbit                       nvbit        000000
__Hnvrram                      nvrram       000000
__Hparam                       rparam       000000
__Hpowerup                     powerup      000000
__Hram                         ram          000000
__Hramtop                      ramtop       000600
__Hrbit                        rbit         000000
__Hrbss                        rbss         000000
__Hrdata                       rdata        000000
__Hreset_vec                   reset_vec    000004
__Hrparam                      rparam       000000
__Hsfr                         sfr          000000
__Hsivt_hi                     sivt_hi      000000
__Hsivt_lo                     sivt_lo      000018
__Hsmallconst                  smallconst   000616
__Hspace_0                     (abs)        000AE6
__Hspace_1                     (abs)        000027
__Hspace_2                     (abs)        000000
__Hspace_4                     (abs)        60000E
__Hstack                       stack        000000
__Hstruct                      struct       000000
__Htemp                        temp         000000
__Htext                        text         000000
__Htext0                       text0        000000
__Htext1                       text1        000000
__Htext10                      text10       000000
__Htext11                      text11       000000
__Htext12                      text12       000000
__Htext13                      text13       000000
__Htext14                      text14       000000
__Htext2                       text2        000000
__Htext3                       text3        000000
__Htext4                       text4        000000
__Htext5                       text5        000000
__Htext6                       text6        000000
__Htext7                       text7        000000
__Htext8                       text8        000000
__Htext9                       text9        000000
__LRAM                         (abs)        000001
__L__absolute__                __absolute__ 000000
__Labs1                        abs1         000000
__Lbank0                       bank0        000000
__Lbank1                       bank1        000000
__Lbank2                       bank2        000000
__Lbank3                       bank3        000000
__Lbank4                       bank4        000000
__Lbank5                       bank5        000000
__Lbigbss                      bigbss       000000
__Lbigdata                     bigdata      000000
__Lbigram                      bigram       000000
__Lbigsfr                      bigsfr       000000
__Lbss                         bss          000000
__LbssCOMRAM                   bssCOMRAM    000000
__Lcinit                       cinit        000000
__Lclrtext                     clrtext      000000
__Lcomram                      comram       000000
__Lconfig                      config       000000
__Lconst                       const        000000
__LcstackCOMRAM                cstackCOMRAM 000000
__Ldata                        data         000000
__Leeprom_data                 eeprom_data  000000
__Lfarbss                      farbss       000000
__Lfardata                     fardata      000000
__Lheap                        heap         000000
__Libigdata                    ibigdata     000000
__Lidata                       idata        000000
__Lidloc                       idloc        000000
__Lifardata                    ifardata     000000
__Linit                        init         00000E
__Lintcode                     intcode      000008
__Lintcode_body                intcode_body 000000
__Lintcodelo                   intcodelo    000018
__Lintentry                    intentry     000000
__Lintret                      intret       000000
__Lintsave_regs                intsave_regs 000000
__Lirdata                      irdata       000000
__Lmediumconst                 mediumconst  000000
__LnvFARRAM                    nvFARRAM     000000
__Lnvbit                       nvbit        000000
__Lnvrram                      nvrram       000000
__Lparam                       rparam       000000
__Lpowerup                     powerup      000000
__Lram                         ram          000000
__Lramtop                      ramtop       000600
__Lrbit                        rbit         000000
__Lrbss                        rbss         000000
__Lrdata                       rdata        000000
__Lreset_vec                   reset_vec    000000
__Lrparam                      rparam       000000
__Lsfr                         sfr          000000
__Lsivt_hi                     sivt_hi      000000
__Lsivt_lo                     sivt_lo      000018
__Lsmallconst                  smallconst   000600
__Lspace_0                     (abs)        000000
__Lspace_1                     (abs)        000000
__Lspace_2                     (abs)        000000
__Lspace_4                     (abs)        000000
__Lstack                       stack        000000
__Lstruct                      struct       000000
__Ltemp                        temp         000000
__Ltext                        text         000000
__Ltext0                       text0        000000
__Ltext1                       text1        000000
__Ltext10                      text10       000000
__Ltext11                      text11       000000
__Ltext12                      text12       000000
__Ltext13                      text13       000000
__Ltext14                      text14       000000
__Ltext2                       text2        000000
__Ltext3                       text3        000000
__Ltext4                       text4        000000
__Ltext5                       text5        000000
__Ltext6                       text6        000000
__Ltext7                       text7        000000
__Ltext8                       text8        000000
__Ltext9                       text9        000000
__S0                           (abs)        000AE6
__S1                           (abs)        000027
__S4                           (abs)        000000
__S5                           (abs)        000000
___heap_hi                     (abs)        000000
___heap_lo                     (abs)        000000
___inthi_sp                    stack        000000
___inthi_stack_hi              stack        000000
___inthi_stack_lo              stack        000000
___intlo_sp                    stack        000000
___intlo_stack_hi              stack        000000
___intlo_stack_lo              stack        000000
___param_bank                  (abs)        000000
___rparam_used                 (abs)        000001
___sp                          stack        000000
___stack_hi                    stack        000000
___stack_lo                    stack        000000
__accesstop                    (abs)        000060
__activetblptr                 (abs)        000002
__end_of_ISR                   intcode_body 000962
__end_of__initialization       cinit        000AA6
__end_of_can_receive           text7        000852
__end_of_clcd_print            text6        0008BE
__end_of_clcd_write            text13       000A12
__end_of_get_msg_id_std        text8        0009D8
__end_of_handle_gear_data      text5        000A9A
__end_of_handle_indicator_data text4        000738
__end_of_handle_rpm_data       text3        000A7E
__end_of_handle_speed_data     text2        000A62
__end_of_init_can              text14       00099E
__end_of_init_clcd             text12       000A46
__end_of_init_config           text9        000ACA
__end_of_init_leds             text11       000AE6
__end_of_init_timer0           text10       000ADE
__end_of_main                  text0        00091E
__end_of_process_canbus_data   text1        0007CA
__initialization               cinit        000A9A
__mediumconst                  smallconst   000600
__pbssCOMRAM                   bssCOMRAM    000002
__pcinit                       cinit        000A9A
__pcstackCOMRAM                cstackCOMRAM 000015
__pintcode                     intcode      000008
__pintcode_body                intcode_body 00091E
__psmallconst                  smallconst   000600
__ptext0                       text0        0008BE
__ptext1                       text1        000738
__ptext10                      text10       000ACA
__ptext11                      text11       000ADE
__ptext12                      text12       000A12
__ptext13                      text13       0009D8
__ptext14                      text14       000962
__ptext2                       text2        000A46
__ptext3                       text3        000A62
__ptext4                       text4        000616
__ptext5                       text5        000A7E
__ptext6                       text6        000852
__ptext7                       text7        0007CA
__ptext8                       text8        00099E
__ptext9                       text9        000AB4
__ramtop                       ramtop       000600
__smallconst                   smallconst   000600
_can_receive                   text7        0007CA
_clcd_print                    text6        000852
_clcd_write                    text13       0009D8
_count                         bssCOMRAM    000002
_data                          bssCOMRAM    000008
_get_msg_id_std                text8        00099E
_handle_gear_data              text5        000A7E
_handle_indicator_data         text4        000616
_handle_rpm_data               text3        000A62
_handle_speed_data             text2        000A46
_init_can                      text14       000962
_init_clcd                     text12       000A12
_init_config                   text9        000AB4
_init_leds                     text11       000ADE
_init_timer0                   text10       000ACA
_led_state                     bssCOMRAM    000007
_len                           bssCOMRAM    000014
_main                          text0        0008BE
_msg_id                        bssCOMRAM    000012
_process_canbus_data           text1        000738
_sec                           bssCOMRAM    000004
_status                        bssCOMRAM    000006
btemp                          (abs)        000001
btemp0                         (abs)        000001
btemp1                         (abs)        000002
can_receive@data               cstackCOMRAM 00001E
can_receive@i                  cstackCOMRAM 000025
can_receive@len                cstackCOMRAM 00001F
can_receive@msg_id             cstackCOMRAM 00001D
can_receive@ptr                cstackCOMRAM 000023
clcd_print@addr                cstackCOMRAM 000019
clcd_print@data                cstackCOMRAM 000017
clcd_write@byte                cstackCOMRAM 000016
clcd_write@control_bit         cstackCOMRAM 000015
end_of_initialization          cinit        000AA6
get_msg_id_std@id              cstackCOMRAM 00001B
handle_gear_data@data          cstackCOMRAM 00001A
handle_gear_data@len           cstackCOMRAM 00001B
handle_indicator_data@data     cstackCOMRAM 00001A
handle_indicator_data@len      cstackCOMRAM 00001B
handle_rpm_data@data           cstackCOMRAM 00001A
handle_rpm_data@len            cstackCOMRAM 00001B
handle_speed_data@data         cstackCOMRAM 00001A
handle_speed_data@len          cstackCOMRAM 00001B
int$flags                      (abs)        000001
int_func                       intcode_body 00091E
intlevel0                      text         000000
intlevel1                      text         000000
intlevel2                      text         000000
intlevel3                      text         000000
isa$std                        (abs)        000001
isa$xinst                      (abs)        000000
stackhi                        (abs)        000000
stacklo                        (abs)        000000
start                          init         00000E
start_initialization           cinit        000A9A


MODULE INFORMATION

Module		Function		Class		Link	Load	Size
message_handler.c
		_handle_gear_data		CODE           	0A7E	0000	28
		_handle_speed_data		CODE           	0A46	0000	28
		_handle_indicator_data		CODE           	0616	0000	290
		_handle_rpm_data		CODE           	0A62	0000	28
		_process_canbus_data		CODE           	0738	0000	146

message_handler.c estimated size: 520

timer0.c
		_init_timer0   		CODE           	0ACA	0000	20

timer0.c estimated size: 20

shared
		__initialization		CODE           	0A9A	0000	12

shared estimated size: 12

clcd.c
		_clcd_write    		CODE           	09D8	0000	58
		_clcd_print    		CODE           	0852	0000	108
		_init_clcd     		CODE           	0A12	0000	52

clcd.c estimated size: 218

can.c
		_init_can      		CODE           	0962	0000	60
		_can_receive   		CODE           	07CA	0000	136
		_get_msg_id_std		CODE           	099E	0000	58

can.c estimated size: 254

main.c
		_init_leds     		CODE           	0ADE	0000	8
		_ISR           		CODE           	0008	0000	74
		_main          		CODE           	08BE	0000	96
		_init_config   		CODE           	0AB4	0000	22

main.c estimated size: 200

